0 verbose cli /usr/bin/node /usr/lib/node_modules/npm/bin/npm-cli.js
1 info using npm@10.9.8
2 info using node@v22.23.2
3 silly config load:file:/usr/lib/node_modules/npm/npmrc
4 silly config load:file:/home/sandbox/.npmrc
5 silly config load:file:/usr/etc/npmrc
6 verbose title npm exec create-next-app@latest --help
7 verbose argv "exec" "--" "create-next-app@latest" "--help"
8 verbose logfile logs-max:10 dir:/home/sandbox/.npm/_logs/2026-08-05T14_00_02_819Z-
9 verbose logfile /home/sandbox/.npm/_logs/2026-08-05T14_00_02_819Z-debug-0.log
10 silly logfile done cleaning log files
11 silly packumentCache heap:1021313024 maxSize:255328256 maxEntrySize:127664128
12 http fetch GET 200 https://registry.npmjs.org/npm 121ms
13 http fetch GET 200 https://registry.npmjs.org/create-next-app 239ms (cache miss)
14 silly packumentCache heap:1021313024 maxSize:255328256 maxEntrySize:127664128
15 silly packumentCache heap:1021313024 maxSize:255328256 maxEntrySize:127664128
16 warn exec The following package was not found and will be installed: create-next-app@16.3.0
17 silly idealTree buildDeps
18 silly fetch manifest create-next-app@16.3.0
19 silly packumentCache full:https://registry.npmjs.org/create-next-app cache-miss
20 http fetch GET 200 https://registry.npmjs.org/create-next-app 250ms (cache miss)
21 silly packumentCache full:https://registry.npmjs.org/create-next-app set size:undefined disposed:false
22 silly placeDep ROOT create-next-app@16.3.0 OK for:  want: 16.3.0
23 silly reify moves {}
24 silly audit bulk request { 'create-next-app': [ '16.3.0' ] }
25 http cache create-next-app@https://registry.npmjs.org/create-next-app/-/create-next-app-16.3.0.tgz 1ms (cache hit)
26 silly tarball no local data for create-next-app@https://registry.npmjs.org/create-next-app/-/create-next-app-16.3.0.tgz. Extracting by manifest.
27 http fetch POST 200 https://registry.npmjs.org/-/npm/v1/security/advisories/bulk 92ms
28 silly audit report {}
29 http fetch GET 200 https://registry.npmjs.org/create-next-app/-/create-next-app-16.3.0.tgz 228ms (cache miss)
30 verbose cwd /home/sandbox
31 verbose os Linux 4.14.355-284.741.amzn2.x86_64
32 verbose node v22.23.2
33 verbose npm  v10.9.8
34 notice
34 notice New major version of npm available! 10.9.8 -> 12.0.2
34 notice Changelog: https://github.com/npm/cli/releases/tag/v12.0.2
34 notice To update run: npm install -g npm@12.0.2
34 notice  { force: true, [Symbol(proc-log.meta)]: true }
35 verbose exit 0
36 info ok
