0 verbose cli /usr/bin/node /usr/bin/npm
1 info using npm@10.9.8
2 info using node@v22.23.2
3 silly config load:file:/usr/lib/node_modules/npm/npmrc
4 silly config load:file:/home/sandbox/.npmrc
5 silly config load:file:/usr/etc/npmrc
6 verbose title npm init
7 verbose argv "init" "--yes"
8 verbose logfile logs-max:10 dir:/home/sandbox/.npm/_logs/2026-08-04T18_37_28_792Z-
9 verbose logfile /home/sandbox/.npm/_logs/2026-08-04T18_37_28_792Z-debug-0.log
10 silly logfile done cleaning log files
11 silly package data {
11 silly package data   name: 'sandbox',
11 silly package data   version: '1.0.0',
11 silly package data   description: '',
11 silly package data   main: 'index.js',
11 silly package data   scripts: { test: 'echo "Error: no test specified" && exit 1' },
11 silly package data   repository: {
11 silly package data     type: 'git',
11 silly package data     url: 'git+https://x-access-token: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@github.com/joshua31082002/calc.git'
11 silly package data   },
11 silly package data   keywords: [],
11 silly package data   author: '',
11 silly package data   license: 'ISC',
11 silly package data   bugs: { url: 'https://github.com/joshua31082002/calc/issues' },
11 silly package data   homepage: 'https://github.com/joshua31082002/calc#readme'
11 silly package data }
12 verbose cwd /home/sandbox
13 verbose os Linux 4.14.355-284.741.amzn2.x86_64
14 verbose node v22.23.2
15 verbose npm  v10.9.8
16 verbose exit 0
17 info ok
